/docH.html (1 hits)
/docD.html (1 hits)
/docA.html (1 hits)
/docG.html (0 hits)
