option non reconnue veuillez rentrer ./analog --help pour plus d'information sur les options disponible dans notre programme
