/docB.html (5 hits)
/docA.html (3 hits)
/image1.jpg (2 hits)
/docF.html (2 hits)
/image2.jpg (1 hits)
