Paramètre non valide pour l'option -g : aucun paramètre
Abandon.
