Paramètre non valide pour l'option -t : aucun paramètre
