Type de fichier en paramètre erroné, veuillez rentrer un fichier.log en paramètre
