/docB.html (4 hits)
/docA.html (3 hits)
/docF.html (2 hits)
/docH.html (1 hits)
/docG.html (1 hits)
/docD.html (1 hits)
/docC.html (1 hits)
/docE.html (0 hits)
