/temps/3IF19.html (1 hits)
/temps/4IF16.html (1 hits)
/temps/4IF18.html (1 hits)

