Paramètre non valide pour l'option -g :aucun paramètre ou confondu avec le fichier.log source
